OLD β 0.0 | NEW β 40.0 loss 0.00036711018765345216 epoch 987 | WRAP β 40.0
QMC+ADD reference…
OLD abs norms {'L1': 0.10643542744520378, 'L2': 0.1347370528135583, 'Linf': 0.32067164774365864, 'MAE': 0.10643542744520378, 'RMSE': 0.1347370528135583}
  neg=120 min=-0.189370
WRAP abs norms {'L1': 0.5159161605272492, 'L2': 0.8220453254626825, 'Linf': 1.7546780841074476, 'MAE': 0.5159161605272492, 'RMSE': 0.8220453254626825}
  neg=0 min=1.639976
NEW abs norms {'L1': 1.4785479665090115, 'L2': 1.658200484527655, 'Linf': 3.2955070504133346, 'MAE': 1.4785479665090115, 'RMSE': 1.658200484527655}
  neg=0 min=0.810405
L1 OLD→NEW -1.3721125390638078 (-1289.2%)
L1 OLD→WRAP -0.4094807330820454 (-384.7%)

Greeks A/B vs QMC+ADD
S= 70.0 τ=0.4 |V| old=0.054 new=1.011 |Δ| old=0.0138 new=0.0086 Vnew=1.0137
S= 70.0 τ=1.0 |V| old=0.080 new=0.785 |Δ| old=0.0269 new=0.0213 Vnew=1.0147
S= 70.0 τ=1.4 |V| old=0.036 new=0.428 |Δ| old=0.0248 new=0.0605 Vnew=1.1238
S= 85.0 τ=0.4 |V| old=0.205 new=0.865 |Δ| old=0.0143 new=0.0594 Vnew=1.3814
S= 85.0 τ=1.0 |V| old=0.274 new=0.363 |Δ| old=0.0049 new=0.1174 Vnew=2.4197
S= 85.0 τ=1.4 |V| old=0.140 new=1.098 |Δ| old=0.0098 new=0.1042 Vnew=3.3576
S=100.0 τ=0.4 |V| old=0.128 new=0.811 |Δ| old=0.0213 new=0.0954 Vnew=5.0607
S=100.0 τ=1.0 |V| old=0.049 new=1.476 |Δ| old=0.0200 new=0.0411 Vnew=8.8442
S=100.0 τ=1.4 |V| old=0.073 new=1.834 |Δ| old=0.0150 new=0.0333 Vnew=10.9368
S=115.0 τ=0.4 |V| old=0.061 new=1.377 |Δ| old=0.0016 new=0.0004 Vnew=16.3588
S=115.0 τ=1.0 |V| old=0.133 new=1.986 |Δ| old=0.0015 new=0.0152 Vnew=19.9955
S=115.0 τ=1.4 |V| old=0.232 new=2.457 |Δ| old=0.0026 new=0.0261 Vnew=22.0328
S=140.0 τ=0.4 |V| old=0.002 new=1.296 |Δ| old=0.0019 new=0.0002 Vnew=40.7225
S=140.0 τ=1.0 |V| old=0.006 new=2.076 |Δ| old=0.0056 new=0.0010 Vnew=43.2368
S=140.0 τ=1.4 |V| old=0.133 new=2.769 |Δ| old=0.0053 new=0.0052 Vnew=44.7389

Mean |V| err old=0.1070 new=1.3755
Mean |Δ| err old=0.0113 new=0.0393

Extra smile L1
strong_vovol L1 old 0.19535705605382128 new 1.7014728470578278 wrap 0.6017286336336071 dL1 -1.5061157910040064
strong_neg_skew L1 old 0.22265253707466082 new 1.4690281374920071 wrap 0.6120711108881174 dL1 -1.2463756004173463
slow_mr L1 old 0.28894646136277924 new 1.7438324673987178 wrap 0.7301152471391409 dL1 -1.4548860060359385
near_bs L1 old 0.006888507984401569 new 0.40848082472877595 wrap 0.38775913584408733 dL1 -0.4015923167443744

DONE artifacts/bergomi_softplus_ab
