Loaded | old loss 0.0001322944153798744 | hybrid loss 0.00024850014597177505 epoch 1027 lambda_data 5.0
QMC+ADD reference…
OLD abs norms {'L1': 0.10643542744520378, 'L2': 0.1347370528135583, 'Linf': 0.32067164774365864, 'MAE': 0.10643542744520378, 'RMSE': 0.1347370528135583}
NEW abs norms {'L1': 0.247289704730717, 'L2': 0.3342433810469626, 'Linf': 1.0110603341047408, 'MAE': 0.247289704730717, 'RMSE': 0.3342433810469626}
L1 improvement -0.14085427728551325 (-132.3%)
neg prices OLD 120 NEW 112

Greeks A/B vs QMC+ADD
S= 70.0 τ=0.4 |V| old=0.054 new=0.058 |Δ| old=0.0138 new=0.0100
S= 70.0 τ=1.0 |V| old=0.080 new=0.056 |Δ| old=0.0269 new=0.0222
S= 70.0 τ=1.4 |V| old=0.036 new=0.108 |Δ| old=0.0248 new=0.0187
S= 85.0 τ=0.4 |V| old=0.205 new=0.165 |Δ| old=0.0143 new=0.0134
S= 85.0 τ=1.0 |V| old=0.274 new=0.225 |Δ| old=0.0049 new=0.0037
S= 85.0 τ=1.4 |V| old=0.140 new=0.177 |Δ| old=0.0098 new=0.0086
S=100.0 τ=0.4 |V| old=0.128 new=0.092 |Δ| old=0.0213 new=0.0226
S=100.0 τ=1.0 |V| old=0.049 new=0.053 |Δ| old=0.0200 new=0.0268
S=100.0 τ=1.4 |V| old=0.073 new=0.023 |Δ| old=0.0150 new=0.0267
S=115.0 τ=0.4 |V| old=0.061 new=0.133 |Δ| old=0.0016 new=0.0004
S=115.0 τ=1.0 |V| old=0.133 new=0.354 |Δ| old=0.0015 new=0.0131
S=115.0 τ=1.4 |V| old=0.232 new=0.497 |Δ| old=0.0026 new=0.0218
S=140.0 τ=0.4 |V| old=0.002 new=0.066 |Δ| old=0.0019 new=0.0007
S=140.0 τ=1.0 |V| old=0.006 new=0.415 |Δ| old=0.0056 new=0.0015
S=140.0 τ=1.4 |V| old=0.133 new=0.731 |Δ| old=0.0053 new=0.0032

Mean |V| err old=0.1070 new=0.2103
Mean |Δ| err old=0.0113 new=0.0129

Extra smile L1
strong_vovol L1 old 0.19535705605382128 new 0.35934434355349126 dL1 -0.16398728749966998
strong_neg_skew L1 old 0.22265253707466082 new 0.33362238448549275 dL1 -0.11096984741083193
slow_mr L1 old 0.28894646136277924 new 0.3430990490167177 dL1 -0.05415258765393849
near_bs L1 old 0.006888507984401569 new 0.010053660187158555 dL1 -0.0031651522027569857

DONE artifacts/bergomi_hybrid_ab
