Loading trained_models/bergomi.pt on cpu…
Enabled softplus β=400.0
Epoch      1 | Time:       0.20s | LR: 2.000e-05 | Total: 1.901710e-03 | PDE_x: 1.890180e-03 | Terminal_x: 3.890066e-06 | Boundary_x: 7.640244e-06 | Data: 0.000000e+00 | Delta: 0.000000e+00 | OTM: 0.000000e+00 | GradNorm: 3.099e-02 | Best: 1.901710e-03 @ 1
Epoch     50 | Time:       4.73s | LR: 1.928e-05 | Total: 7.614595e-04 | PDE_x: 6.992457e-04 | Terminal_x: 1.043982e-05 | Boundary_x: 5.177392e-05 | Data: 0.000000e+00 | Delta: 0.000000e+00 | OTM: 0.000000e+00 | GradNorm: 6.300e-03 | Best: 6.938878e-04 @ 48
Epoch    100 | Time:       8.62s | LR: 1.722e-05 | Total: 5.507322e-04 | PDE_x: 5.174507e-04 | Terminal_x: 7.259789e-06 | Boundary_x: 2.602174e-05 | Data: 0.000000e+00 | Delta: 0.000000e+00 | OTM: 0.000000e+00 | GradNorm: 4.441e-03 | Best: 5.365668e-04 @ 99
Epoch    150 | Time:      12.68s | LR: 1.414e-05 | Total: 4.609143e-04 | PDE_x: 4.390756e-04 | Terminal_x: 5.682237e-06 | Boundary_x: 1.615648e-05 | Data: 0.000000e+00 | Delta: 0.000000e+00 | OTM: 0.000000e+00 | GradNorm: 2.658e-03 | Best: 4.348993e-04 @ 141
Epoch    200 | Time:      16.71s | LR: 1.050e-05 | Total: 4.595508e-04 | PDE_x: 4.343753e-04 | Terminal_x: 4.932947e-06 | Boundary_x: 2.024250e-05 | Data: 0.000000e+00 | Delta: 0.000000e+00 | OTM: 0.000000e+00 | GradNorm: 3.036e-03 | Best: 3.911590e-04 @ 187
Epoch    250 | Time:      20.91s | LR: 6.865e-06 | Total: 3.463705e-04 | PDE_x: 3.272465e-04 | Terminal_x: 4.512203e-06 | Boundary_x: 1.461181e-05 | Data: 0.000000e+00 | Delta: 0.000000e+00 | OTM: 0.000000e+00 | GradNorm: 1.746e-03 | Best: 3.463705e-04 @ 250
Epoch    300 | Time:      24.88s | LR: 3.782e-06 | Total: 3.734903e-04 | PDE_x: 3.526531e-04 | Terminal_x: 4.356043e-06 | Boundary_x: 1.648115e-05 | Data: 0.000000e+00 | Delta: 0.000000e+00 | OTM: 0.000000e+00 | GradNorm: 2.209e-03 | Best: 3.418808e-04 @ 283
Epoch    350 | Time:      28.90s | LR: 1.723e-06 | Total: 3.628873e-04 | PDE_x: 3.397847e-04 | Terminal_x: 4.222342e-06 | Boundary_x: 1.888024e-05 | Data: 0.000000e+00 | Delta: 0.000000e+00 | OTM: 0.000000e+00 | GradNorm: 1.712e-03 | Best: 3.347353e-04 @ 349
Epoch    400 | Time:      32.81s | LR: 2.000e-05 | Total: 3.987843e-04 | PDE_x: 3.817749e-04 | Terminal_x: 4.055189e-06 | Boundary_x: 1.295421e-05 | Data: 0.000000e+00 | Delta: 0.000000e+00 | OTM: 0.000000e+00 | GradNorm: 2.305e-03 | Best: 3.347353e-04 @ 349
Epoch    450 | Time:      36.69s | LR: 1.928e-05 | Total: 3.272042e-04 | PDE_x: 3.042176e-04 | Terminal_x: 3.463777e-06 | Boundary_x: 1.952282e-05 | Data: 0.000000e+00 | Delta: 0.000000e+00 | OTM: 0.000000e+00 | GradNorm: 1.473e-03 | Best: 3.122938e-04 @ 448
Epoch    500 | Time:      40.44s | LR: 1.722e-05 | Total: 3.078284e-04 | PDE_x: 2.896044e-04 | Terminal_x: 2.566142e-06 | Boundary_x: 1.565788e-05 | Data: 0.000000e+00 | Delta: 0.000000e+00 | OTM: 0.000000e+00 | GradNorm: 1.344e-03 | Best: 2.897546e-04 @ 485
Epoch    550 | Time:      44.47s | LR: 1.414e-05 | Total: 3.086625e-04 | PDE_x: 2.922472e-04 | Terminal_x: 2.572175e-06 | Boundary_x: 1.384308e-05 | Data: 0.000000e+00 | Delta: 0.000000e+00 | OTM: 0.000000e+00 | GradNorm: 9.354e-04 | Best: 2.763841e-04 @ 537
Epoch    600 | Time:      48.04s | LR: 1.050e-05 | Total: 2.670559e-04 | PDE_x: 2.500316e-04 | Terminal_x: 2.510577e-06 | Boundary_x: 1.451366e-05 | Data: 0.000000e+00 | Delta: 0.000000e+00 | OTM: 0.000000e+00 | GradNorm: 9.348e-04 | Best: 2.481243e-04 @ 593
Epoch    650 | Time:      51.72s | LR: 6.865e-06 | Total: 2.813914e-04 | PDE_x: 2.641957e-04 | Terminal_x: 2.318737e-06 | Boundary_x: 1.487701e-05 | Data: 0.000000e+00 | Delta: 0.000000e+00 | OTM: 0.000000e+00 | GradNorm: 8.208e-04 | Best: 2.481243e-04 @ 593
Epoch    700 | Time:      55.43s | LR: 3.782e-06 | Total: 2.520364e-04 | PDE_x: 2.352126e-04 | Terminal_x: 2.599326e-06 | Boundary_x: 1.422450e-05 | Data: 0.000000e+00 | Delta: 0.000000e+00 | OTM: 0.000000e+00 | GradNorm: 7.920e-04 | Best: 2.456330e-04 @ 699
Epoch    750 | Time:      59.15s | LR: 1.723e-06 | Total: 2.772792e-04 | PDE_x: 2.612824e-04 | Terminal_x: 2.615309e-06 | Boundary_x: 1.338157e-05 | Data: 0.000000e+00 | Delta: 0.000000e+00 | OTM: 0.000000e+00 | GradNorm: 7.977e-04 | Best: 2.364175e-04 @ 706
Epoch    800 | Time:      63.00s | LR: 2.000e-05 | Total: 2.728844e-04 | PDE_x: 2.573193e-04 | Terminal_x: 2.200149e-06 | Boundary_x: 1.336492e-05 | Data: 0.000000e+00 | Delta: 0.000000e+00 | OTM: 0.000000e+00 | GradNorm: 7.449e-04 | Best: 2.364175e-04 @ 706
DONE best_loss=2.364175e-04 @ 706 → trained_models/bergomi_softplus.pt
