Loading trained_models/bergomi.pt on cpu…
Enabled softplus β=40.0
Epoch      1 | Time:       0.18s | LR: 2.000e-05 | Total: 2.361001e-03 | PDE_x: 1.890180e-03 | Terminal_x: 1.635086e-04 | Boundary_x: 3.073131e-04 | Data: 0.000000e+00 | Delta: 0.000000e+00 | OTM: 0.000000e+00 | GradNorm: 4.571e-02 | Best: 2.361001e-03 @ 1
Epoch     50 | Time:       4.46s | LR: 1.928e-05 | Total: 9.936194e-04 | PDE_x: 7.323006e-04 | Terminal_x: 1.144083e-04 | Boundary_x: 1.469106e-04 | Data: 0.000000e+00 | Delta: 0.000000e+00 | OTM: 0.000000e+00 | GradNorm: 6.778e-03 | Best: 9.232601e-04 @ 48
Epoch    100 | Time:       8.57s | LR: 1.722e-05 | Total: 7.720853e-04 | PDE_x: 5.651752e-04 | Terminal_x: 1.116140e-04 | Boundary_x: 9.529608e-05 | Data: 0.000000e+00 | Delta: 0.000000e+00 | OTM: 0.000000e+00 | GradNorm: 4.269e-03 | Best: 7.636759e-04 @ 99
Epoch    150 | Time:      12.31s | LR: 1.414e-05 | Total: 6.790988e-04 | PDE_x: 4.886136e-04 | Terminal_x: 1.080672e-04 | Boundary_x: 8.241802e-05 | Data: 0.000000e+00 | Delta: 0.000000e+00 | OTM: 0.000000e+00 | GradNorm: 2.904e-03 | Best: 6.570600e-04 @ 141
Epoch    200 | Time:      16.06s | LR: 1.050e-05 | Total: 6.787897e-04 | PDE_x: 4.886788e-04 | Terminal_x: 1.054356e-04 | Boundary_x: 8.467532e-05 | Data: 0.000000e+00 | Delta: 0.000000e+00 | OTM: 0.000000e+00 | GradNorm: 3.273e-03 | Best: 6.117605e-04 @ 187
Epoch    250 | Time:      19.73s | LR: 6.865e-06 | Total: 5.586602e-04 | PDE_x: 3.737564e-04 | Terminal_x: 1.044022e-04 | Boundary_x: 8.050163e-05 | Data: 0.000000e+00 | Delta: 0.000000e+00 | OTM: 0.000000e+00 | GradNorm: 2.019e-03 | Best: 5.586602e-04 @ 250
Epoch    300 | Time:      23.41s | LR: 3.782e-06 | Total: 5.853781e-04 | PDE_x: 3.995497e-04 | Terminal_x: 1.061815e-04 | Boundary_x: 7.964690e-05 | Data: 0.000000e+00 | Delta: 0.000000e+00 | OTM: 0.000000e+00 | GradNorm: 2.428e-03 | Best: 5.441223e-04 @ 283
Epoch    350 | Time:      27.05s | LR: 1.723e-06 | Total: 5.728300e-04 | PDE_x: 3.929139e-04 | Terminal_x: 9.927703e-05 | Boundary_x: 8.063913e-05 | Data: 0.000000e+00 | Delta: 0.000000e+00 | OTM: 0.000000e+00 | GradNorm: 1.990e-03 | Best: 5.441223e-04 @ 283
Epoch    400 | Time:      30.61s | LR: 2.000e-05 | Total: 6.091294e-04 | PDE_x: 4.274566e-04 | Terminal_x: 1.022863e-04 | Boundary_x: 7.938651e-05 | Data: 0.000000e+00 | Delta: 0.000000e+00 | OTM: 0.000000e+00 | GradNorm: 2.595e-03 | Best: 5.441223e-04 @ 283
Epoch    450 | Time:      34.37s | LR: 1.928e-05 | Total: 5.209924e-04 | PDE_x: 3.416219e-04 | Terminal_x: 1.019513e-04 | Boundary_x: 7.741924e-05 | Data: 0.000000e+00 | Delta: 0.000000e+00 | OTM: 0.000000e+00 | GradNorm: 1.745e-03 | Best: 5.083032e-04 @ 448
Epoch    500 | Time:      38.20s | LR: 1.722e-05 | Total: 4.939886e-04 | PDE_x: 3.213957e-04 | Terminal_x: 9.860723e-05 | Boundary_x: 7.398561e-05 | Data: 0.000000e+00 | Delta: 0.000000e+00 | OTM: 0.000000e+00 | GradNorm: 1.561e-03 | Best: 4.763634e-04 @ 485
Epoch    550 | Time:      42.08s | LR: 1.414e-05 | Total: 4.862600e-04 | PDE_x: 3.173003e-04 | Terminal_x: 9.857591e-05 | Boundary_x: 7.038370e-05 | Data: 0.000000e+00 | Delta: 0.000000e+00 | OTM: 0.000000e+00 | GradNorm: 1.160e-03 | Best: 4.572570e-04 @ 548
Epoch    600 | Time:      45.85s | LR: 1.050e-05 | Total: 4.418156e-04 | PDE_x: 2.759678e-04 | Terminal_x: 9.672436e-05 | Boundary_x: 6.912344e-05 | Data: 0.000000e+00 | Delta: 0.000000e+00 | OTM: 0.000000e+00 | GradNorm: 1.099e-03 | Best: 4.254950e-04 @ 593
Epoch    650 | Time:      49.52s | LR: 6.865e-06 | Total: 4.539841e-04 | PDE_x: 2.865741e-04 | Terminal_x: 9.662790e-05 | Boundary_x: 7.078209e-05 | Data: 0.000000e+00 | Delta: 0.000000e+00 | OTM: 0.000000e+00 | GradNorm: 1.040e-03 | Best: 4.228910e-04 @ 638
Epoch    700 | Time:      53.16s | LR: 3.782e-06 | Total: 4.292158e-04 | PDE_x: 2.620207e-04 | Terminal_x: 9.804725e-05 | Boundary_x: 6.914789e-05 | Data: 0.000000e+00 | Delta: 0.000000e+00 | OTM: 0.000000e+00 | GradNorm: 9.830e-04 | Best: 4.152852e-04 @ 699
Epoch    750 | Time:      56.75s | LR: 1.723e-06 | Total: 4.440681e-04 | PDE_x: 2.852981e-04 | Terminal_x: 9.347918e-05 | Boundary_x: 6.529086e-05 | Data: 0.000000e+00 | Delta: 0.000000e+00 | OTM: 0.000000e+00 | GradNorm: 1.008e-03 | Best: 3.978732e-04 @ 706
Epoch    800 | Time:      60.35s | LR: 2.000e-05 | Total: 4.419645e-04 | PDE_x: 2.802655e-04 | Terminal_x: 9.408437e-05 | Boundary_x: 6.761459e-05 | Data: 0.000000e+00 | Delta: 0.000000e+00 | OTM: 0.000000e+00 | GradNorm: 9.221e-04 | Best: 3.978732e-04 @ 706
Epoch    850 | Time:      64.04s | LR: 1.928e-05 | Total: 4.253567e-04 | PDE_x: 2.676309e-04 | Terminal_x: 9.275614e-05 | Boundary_x: 6.496966e-05 | Data: 0.000000e+00 | Delta: 0.000000e+00 | OTM: 0.000000e+00 | GradNorm: 7.608e-04 | Best: 3.978732e-04 @ 706
Epoch    900 | Time:      67.85s | LR: 1.722e-05 | Total: 4.177213e-04 | PDE_x: 2.603811e-04 | Terminal_x: 9.297623e-05 | Boundary_x: 6.436391e-05 | Data: 0.000000e+00 | Delta: 0.000000e+00 | OTM: 0.000000e+00 | GradNorm: 8.323e-04 | Best: 3.783436e-04 @ 889
Epoch    950 | Time:      71.59s | LR: 1.414e-05 | Total: 4.078059e-04 | PDE_x: 2.538513e-04 | Terminal_x: 8.919103e-05 | Boundary_x: 6.476357e-05 | Data: 0.000000e+00 | Delta: 0.000000e+00 | OTM: 0.000000e+00 | GradNorm: 7.014e-04 | Best: 3.783436e-04 @ 889
Epoch   1000 | Time:      75.37s | LR: 1.050e-05 | Total: 3.934418e-04 | PDE_x: 2.417305e-04 | Terminal_x: 9.014591e-05 | Boundary_x: 6.156541e-05 | Data: 0.000000e+00 | Delta: 0.000000e+00 | OTM: 0.000000e+00 | GradNorm: 5.562e-04 | Best: 3.671102e-04 @ 987
DONE best_loss=3.671102e-04 @ 987 → trained_models/bergomi_softplus.pt
