Loaded | old 0.0001322944153798744 | v3 0.0015952708199620247 val_l1 0.0009445085888728499 epoch 9 λd/Δ/otm 25.0 5.0 2.0
QMC+ADD reference…
OLD abs norms {'L1': 0.10643542744520378, 'L2': 0.1347370528135583, 'Linf': 0.32067164774365864, 'MAE': 0.10643542744520378, 'RMSE': 0.1347370528135583}
V3 abs norms {'L1': 0.14076816136435538, 'L2': 0.17868930218013618, 'Linf': 0.46717112925593474, 'MAE': 0.14076816136435538, 'RMSE': 0.17868930218013618}
L1 improvement vs OLD -0.034332733919151606 (-32.3%)
neg prices OLD 120 V3 184 min V3 -0.46217185258865356
V2 abs norms {'L1': 0.11568941966904024, 'L2': 0.1401539836879264, 'Linf': 0.4069386921276946, 'MAE': 0.11568941966904024, 'RMSE': 0.1401539836879264}
L1 improvement v3 vs v2 -0.02507874169531514 (-21.7%)

Greeks A/B vs QMC+ADD
S= 70.0 τ=0.4 |V| old=0.054 new=0.269 |Δ| old=0.0138 new=0.0153
S= 70.0 τ=1.0 |V| old=0.080 new=0.171 |Δ| old=0.0269 new=0.0316
S= 70.0 τ=1.4 |V| old=0.036 new=0.124 |Δ| old=0.0248 new=0.0309
S= 85.0 τ=0.4 |V| old=0.205 new=0.028 |Δ| old=0.0143 new=0.0178
S= 85.0 τ=1.0 |V| old=0.274 new=0.128 |Δ| old=0.0049 new=0.0042
S= 85.0 τ=1.4 |V| old=0.140 new=0.116 |Δ| old=0.0098 new=0.0018
S=100.0 τ=0.4 |V| old=0.128 new=0.015 |Δ| old=0.0213 new=0.0148
S=100.0 τ=1.0 |V| old=0.049 new=0.061 |Δ| old=0.0200 new=0.0133
S=100.0 τ=1.4 |V| old=0.073 new=0.103 |Δ| old=0.0150 new=0.0095
S=115.0 τ=0.4 |V| old=0.061 new=0.050 |Δ| old=0.0016 new=0.0098
S=115.0 τ=1.0 |V| old=0.133 new=0.074 |Δ| old=0.0015 new=0.0027
S=115.0 τ=1.4 |V| old=0.232 new=0.076 |Δ| old=0.0026 new=0.0019
S=140.0 τ=0.4 |V| old=0.002 new=0.209 |Δ| old=0.0019 new=0.0055
S=140.0 τ=1.0 |V| old=0.006 new=0.187 |Δ| old=0.0056 new=0.0117
S=140.0 τ=1.4 |V| old=0.133 new=0.093 |Δ| old=0.0053 new=0.0097

Mean |V| err old=0.1070 new=0.1135
Mean |Δ| err old=0.0113 new=0.0120

Extra smile L1
strong_vovol L1 old 0.19535705605382128 v3 0.17673067347933255 dL1 0.01862638257448873
strong_neg_skew L1 old 0.22265253707466082 v3 0.15729218738001835 dL1 0.06536034969464247
slow_mr L1 old 0.28894646136277924 v3 0.1834306433471963 dL1 0.10551581801558294
near_bs L1 old 0.006888507984401569 v3 0.012136200392706879 dL1 -0.00524769240830531

DONE artifacts/bergomi_hybrid_v3_ab
