Loading trained_models/bergomi.pt on cpu…
Train smiles: ['strong_vovol', 'strong_neg_skew', 'mild_fast_mr', 'slow_mr', 'near_bs'] | val holdout: ['baseline']
Building train price labels…
  QMC labels [1/5] strong_vovol (n_paths=65536)…
  QMC labels [2/5] strong_neg_skew (n_paths=65536)…
  QMC labels [3/5] mild_fast_mr (n_paths=65536)…
  QMC labels [4/5] slow_mr (n_paths=65536)…
  QMC labels [5/5] near_bs (n_paths=65536)…
Building val (holdout) price labels…
  QMC labels [1/1] baseline (n_paths=65536)…
Building ATM Delta labels (train smiles only)…
  Delta labels 1/100 (strong_vovol, S=90.0, τ=0.4)…
  Delta labels 11/100 (strong_vovol, S=100.0, τ=1.0)…
  Delta labels 21/100 (strong_neg_skew, S=90.0, τ=0.4)…
  Delta labels 31/100 (strong_neg_skew, S=100.0, τ=1.0)…
  Delta labels 41/100 (mild_fast_mr, S=90.0, τ=0.4)…
  Delta labels 51/100 (mild_fast_mr, S=100.0, τ=1.0)…
  Delta labels 61/100 (slow_mr, S=90.0, τ=0.4)…
  Delta labels 71/100 (slow_mr, S=100.0, τ=1.0)…
  Delta labels 81/100 (near_bs, S=90.0, τ=0.4)…
  Delta labels 91/100 (near_bs, S=100.0, τ=1.0)…
  Delta labels 100/100 (near_bs, S=110.0, τ=1.4)…
Sizes: train=270 val=54 delta=100
Epoch      1 | Time:       0.12s | LR: 1.500e-05 | Total: 5.519381e-03 | PDE_x: 1.966468e-03 | Terminal_x: 4.151818e-06 | Boundary_x: 3.953279e-05 | Data: 4.221772e-06 | Delta: 4.166320e-04 | OTM: 1.412576e-05 | ValL1: 1.117102e-03 | GradNorm: 6.786e-02 | BestValL1: 1.117102e-03 @ 1
Epoch     50 | Time:       3.69s | LR: 1.447e-05 | Total: 2.967741e-03 | PDE_x: 1.290794e-03 | Terminal_x: 8.368430e-06 | Boundary_x: 9.662222e-05 | Data: 3.104473e-06 | Delta: 1.678972e-04 | OTM: 3.023330e-05 | ValL1: 1.810947e-03 | GradNorm: 1.999e-02 | BestValL1: 1.117102e-03 @ 1
Epoch    100 | Time:       7.40s | LR: 1.295e-05 | Total: 2.539029e-03 | PDE_x: 9.584751e-04 | Terminal_x: 1.046162e-05 | Boundary_x: 1.464065e-04 | Data: 4.167151e-06 | Delta: 1.485042e-04 | OTM: 2.629467e-05 | ValL1: 1.913665e-03 | GradNorm: 2.503e-02 | BestValL1: 1.117102e-03 @ 1
Epoch    150 | Time:      11.01s | LR: 1.068e-05 | Total: 2.361775e-03 | PDE_x: 8.636125e-04 | Terminal_x: 1.091941e-05 | Boundary_x: 1.394509e-04 | Data: 3.918271e-06 | Delta: 1.397944e-04 | OTM: 2.629607e-05 | ValL1: 2.216084e-03 | GradNorm: 1.042e-02 | BestValL1: 1.117102e-03 @ 1
Epoch    200 | Time:      14.65s | LR: 8.000e-06 | Total: 2.411530e-03 | PDE_x: 8.348592e-04 | Terminal_x: 1.262670e-05 | Boundary_x: 1.434638e-04 | Data: 3.464791e-06 | Delta: 1.508284e-04 | OTM: 2.546680e-05 | ValL1: 2.069339e-03 | GradNorm: 9.910e-03 | BestValL1: 1.117102e-03 @ 1
Epoch    250 | Time:      18.16s | LR: 5.321e-06 | Total: 2.108985e-03 | PDE_x: 7.302080e-04 | Terminal_x: 1.270983e-05 | Boundary_x: 1.367984e-04 | Data: 3.785319e-06 | Delta: 1.269816e-04 | OTM: 2.375662e-05 | ValL1: 2.070884e-03 | GradNorm: 1.041e-02 | BestValL1: 1.117102e-03 @ 1
Epoch    300 | Time:      21.62s | LR: 3.050e-06 | Total: 1.889182e-03 | PDE_x: 6.690609e-04 | Terminal_x: 1.308541e-05 | Boundary_x: 1.379481e-04 | Data: 4.246800e-06 | Delta: 1.066111e-04 | OTM: 2.200576e-05 | ValL1: 2.115776e-03 | GradNorm: 8.443e-03 | BestValL1: 1.117102e-03 @ 1
Epoch    350 | Time:      24.94s | LR: 1.533e-06 | Total: 2.119527e-03 | PDE_x: 6.788959e-04 | Terminal_x: 1.298990e-05 | Boundary_x: 1.454961e-04 | Data: 3.569773e-06 | Delta: 1.364619e-04 | OTM: 2.024104e-05 | ValL1: 2.088879e-03 | GradNorm: 1.128e-02 | BestValL1: 1.117102e-03 @ 1
Epoch    400 | Time:      28.27s | LR: 1.500e-05 | Total: 2.193916e-03 | PDE_x: 6.652359e-04 | Terminal_x: 1.174143e-05 | Boundary_x: 1.347474e-04 | Data: 3.748123e-06 | Delta: 1.476212e-04 | OTM: 2.150371e-05 | ValL1: 2.036783e-03 | GradNorm: 8.767e-03 | BestValL1: 1.117102e-03 @ 1
Epoch    450 | Time:      31.70s | LR: 1.447e-05 | Total: 1.750382e-03 | PDE_x: 6.010873e-04 | Terminal_x: 1.453681e-05 | Boundary_x: 1.398810e-04 | Data: 4.466762e-06 | Delta: 9.684495e-05 | OTM: 2.168966e-05 | ValL1: 1.787275e-03 | GradNorm: 2.795e-02 | BestValL1: 1.117102e-03 @ 1
Epoch    500 | Time:      35.07s | LR: 1.295e-05 | Total: 1.846075e-03 | PDE_x: 5.553992e-04 | Terminal_x: 1.497214e-05 | Boundary_x: 1.241881e-04 | Data: 3.937133e-06 | Delta: 1.203676e-04 | OTM: 1.802930e-05 | ValL1: 2.249653e-03 | GradNorm: 6.956e-03 | BestValL1: 1.117102e-03 @ 1
Epoch    550 | Time:      38.49s | LR: 1.068e-05 | Total: 2.184923e-03 | PDE_x: 5.318676e-04 | Terminal_x: 1.707233e-05 | Boundary_x: 1.388225e-04 | Data: 3.670961e-06 | Delta: 1.645649e-04 | OTM: 1.777340e-05 | ValL1: 2.181107e-03 | GradNorm: 2.618e-02 | BestValL1: 1.117102e-03 @ 1
Epoch    600 | Time:      41.97s | LR: 8.000e-06 | Total: 2.050296e-03 | PDE_x: 5.194926e-04 | Terminal_x: 1.616353e-05 | Boundary_x: 1.247171e-04 | Data: 3.911247e-06 | Delta: 1.497112e-04 | OTM: 1.889051e-05 | ValL1: 1.953863e-03 | GradNorm: 9.468e-03 | BestValL1: 1.117102e-03 @ 1
Epoch    650 | Time:      45.46s | LR: 5.321e-06 | Total: 1.481320e-03 | PDE_x: 5.018280e-04 | Terminal_x: 1.678774e-05 | Boundary_x: 1.284461e-04 | Data: 4.364851e-06 | Delta: 7.961634e-05 | OTM: 1.764110e-05 | ValL1: 1.945793e-03 | GradNorm: 1.427e-02 | BestValL1: 1.117102e-03 @ 1
Epoch    700 | Time:      48.86s | LR: 3.050e-06 | Total: 1.730847e-03 | PDE_x: 4.940963e-04 | Terminal_x: 1.612386e-05 | Boundary_x: 1.151430e-04 | Data: 4.097662e-06 | Delta: 1.138372e-04 | OTM: 1.846900e-05 | ValL1: 2.063632e-03 | GradNorm: 8.762e-03 | BestValL1: 1.117102e-03 @ 1
Epoch    750 | Time:      52.27s | LR: 1.533e-06 | Total: 2.190451e-03 | PDE_x: 5.060661e-04 | Terminal_x: 1.696946e-05 | Boundary_x: 1.178735e-04 | Data: 3.453920e-06 | Delta: 1.725668e-04 | OTM: 1.653179e-05 | ValL1: 1.935021e-03 | GradNorm: 1.946e-02 | BestValL1: 1.117102e-03 @ 1
Epoch    800 | Time:      55.64s | LR: 1.500e-05 | Total: 2.061184e-03 | PDE_x: 4.997741e-04 | Terminal_x: 1.673695e-05 | Boundary_x: 1.194421e-04 | Data: 4.764942e-06 | Delta: 1.526852e-04 | OTM: 1.692504e-05 | ValL1: 2.010011e-03 | GradNorm: 7.530e-03 | BestValL1: 1.117102e-03 @ 1
Early stop at epoch 800: no val_l1 improvement for 16 evals (best @ 1)
DONE best_val_l1=0.0011171018704771996 @ 1 → trained_models/bergomi_hybrid_v3.pt
