Loading trained_models/bergomi_hybrid.pt on cpu…
Train smiles: ['strong_vovol', 'strong_neg_skew', 'mild_fast_mr', 'slow_mr', 'near_bs'] | val holdout: ['baseline']
Building train price labels…
  QMC labels [1/5] strong_vovol (n_paths=65536)…
  QMC labels [2/5] strong_neg_skew (n_paths=65536)…
  QMC labels [3/5] mild_fast_mr (n_paths=65536)…
  QMC labels [4/5] slow_mr (n_paths=65536)…
  QMC labels [5/5] near_bs (n_paths=65536)…
Building val (holdout) price labels…
  QMC labels [1/1] baseline (n_paths=65536)…
Building ATM Delta labels (train smiles only)…
  Delta labels 1/100 (strong_vovol, S=90.0, τ=0.4)…
  Delta labels 11/100 (strong_vovol, S=100.0, τ=1.0)…
  Delta labels 21/100 (strong_neg_skew, S=90.0, τ=0.4)…
  Delta labels 31/100 (strong_neg_skew, S=100.0, τ=1.0)…
  Delta labels 41/100 (mild_fast_mr, S=90.0, τ=0.4)…
  Delta labels 51/100 (mild_fast_mr, S=100.0, τ=1.0)…
  Delta labels 61/100 (slow_mr, S=90.0, τ=0.4)…
  Delta labels 71/100 (slow_mr, S=100.0, τ=1.0)…
  Delta labels 81/100 (near_bs, S=90.0, τ=0.4)…
  Delta labels 91/100 (near_bs, S=100.0, τ=1.0)…
  Delta labels 100/100 (near_bs, S=110.0, τ=1.4)…
Sizes: train=270 val=54 delta=100
Epoch      1 | Time:       0.19s | LR: 1.500e-05 | Total: 1.784169e-03 | PDE_x: 2.899802e-04 | Terminal_x: 3.974718e-06 | Boundary_x: 4.317267e-05 | Data: 2.032605e-06 | Delta: 2.729689e-04 | OTM: 1.569092e-05 | ValL1: 9.662482e-04 | GradNorm: 2.156e-02 | BestValL1: 9.662482e-04 @ 1
Epoch     50 | Time:       3.99s | LR: 1.447e-05 | Total: 1.364786e-03 | PDE_x: 3.349415e-04 | Terminal_x: 9.816370e-06 | Boundary_x: 7.801652e-05 | Data: 2.893962e-06 | Delta: 1.613011e-04 | OTM: 3.157858e-05 | ValL1: 1.440840e-03 | GradNorm: 9.929e-03 | BestValL1: 9.445086e-04 @ 9
Epoch    100 | Time:       7.83s | LR: 1.295e-05 | Total: 1.244351e-03 | PDE_x: 3.231060e-04 | Terminal_x: 1.039476e-05 | Boundary_x: 8.350019e-05 | Data: 3.354288e-06 | Delta: 1.360520e-04 | OTM: 3.161633e-05 | ValL1: 1.515974e-03 | GradNorm: 1.850e-02 | BestValL1: 9.445086e-04 @ 9
Epoch    150 | Time:      11.83s | LR: 1.068e-05 | Total: 1.152986e-03 | PDE_x: 3.313050e-04 | Terminal_x: 1.043977e-05 | Boundary_x: 7.870269e-05 | Data: 3.456847e-06 | Delta: 1.173596e-04 | OTM: 2.965975e-05 | ValL1: 1.759618e-03 | GradNorm: 4.453e-03 | BestValL1: 9.445086e-04 @ 9
Epoch    200 | Time:      15.67s | LR: 8.000e-06 | Total: 1.254473e-03 | PDE_x: 3.309120e-04 | Terminal_x: 1.178984e-05 | Boundary_x: 8.354022e-05 | Data: 2.944463e-06 | Delta: 1.396842e-04 | OTM: 2.809919e-05 | ValL1: 1.719722e-03 | GradNorm: 2.795e-03 | BestValL1: 9.445086e-04 @ 9
Epoch    250 | Time:      19.59s | LR: 5.321e-06 | Total: 1.133695e-03 | PDE_x: 3.178278e-04 | Terminal_x: 1.136008e-05 | Boundary_x: 8.009301e-05 | Data: 3.349755e-06 | Delta: 1.164167e-04 | OTM: 2.929366e-05 | ValL1: 1.762613e-03 | GradNorm: 3.775e-03 | BestValL1: 9.445086e-04 @ 9
Epoch    300 | Time:      23.39s | LR: 3.050e-06 | Total: 1.034753e-03 | PDE_x: 3.307706e-04 | Terminal_x: 1.226367e-05 | Boundary_x: 7.696066e-05 | Data: 3.553777e-06 | Delta: 9.332102e-05 | OTM: 2.965433e-05 | ValL1: 1.797321e-03 | GradNorm: 1.996e-03 | BestValL1: 9.445086e-04 @ 9
Epoch    350 | Time:      27.14s | LR: 1.533e-06 | Total: 1.120231e-03 | PDE_x: 3.022998e-04 | Terminal_x: 1.215718e-05 | Boundary_x: 8.001153e-05 | Data: 3.346735e-06 | Delta: 1.170517e-04 | OTM: 2.841764e-05 | ValL1: 1.812120e-03 | GradNorm: 4.004e-03 | BestValL1: 9.445086e-04 @ 9
Epoch    400 | Time:      30.88s | LR: 1.500e-05 | Total: 1.274743e-03 | PDE_x: 3.288232e-04 | Terminal_x: 1.163567e-05 | Boundary_x: 7.594493e-05 | Data: 3.356447e-06 | Delta: 1.436857e-04 | OTM: 2.799972e-05 | ValL1: 1.755244e-03 | GradNorm: 4.904e-03 | BestValL1: 9.445086e-04 @ 9
Epoch    450 | Time:      34.49s | LR: 1.447e-05 | Total: 1.051428e-03 | PDE_x: 3.248303e-04 | Terminal_x: 1.268192e-05 | Boundary_x: 7.533219e-05 | Data: 3.720930e-06 | Delta: 9.713449e-05 | OTM: 2.994379e-05 | ValL1: 1.619476e-03 | GradNorm: 1.968e-02 | BestValL1: 9.445086e-04 @ 9
Epoch    500 | Time:      38.27s | LR: 1.295e-05 | Total: 1.066947e-03 | PDE_x: 3.159512e-04 | Terminal_x: 1.254896e-05 | Boundary_x: 6.853083e-05 | Data: 3.470568e-06 | Delta: 1.074754e-04 | OTM: 2.288709e-05 | ValL1: 2.048683e-03 | GradNorm: 1.451e-02 | BestValL1: 9.445086e-04 @ 9
Epoch    550 | Time:      41.94s | LR: 1.068e-05 | Total: 1.290509e-03 | PDE_x: 3.072271e-04 | Terminal_x: 1.311205e-05 | Boundary_x: 7.228051e-05 | Data: 3.061523e-06 | Delta: 1.540361e-04 | OTM: 2.558530e-05 | ValL1: 1.908009e-03 | GradNorm: 1.666e-02 | BestValL1: 9.445086e-04 @ 9
Epoch    600 | Time:      45.49s | LR: 8.000e-06 | Total: 1.231999e-03 | PDE_x: 3.060304e-04 | Terminal_x: 1.310929e-05 | Boundary_x: 6.560098e-05 | Data: 3.064175e-06 | Delta: 1.443836e-04 | OTM: 2.436810e-05 | ValL1: 1.821896e-03 | GradNorm: 6.495e-03 | BestValL1: 9.445086e-04 @ 9
Early stop at epoch 600: no val_l1 improvement for 12 evals (best @ 9)
DONE best_val_l1=0.0009445085888728499 @ 9 → trained_models/bergomi_hybrid_v3.pt
